// Jest Snapshot v1, https://goo.gl/fbAQLP

exports[`render App 1`] = `
<DocumentFragment>
  <div
    class="css-5simcc"
  >
    <div
      class="css-cogpxn"
      role="topPanel"
    >
      <p
        class="css-o9gtt2"
      >
        Lines
      </p>
      <button
        class="css-tv5zn1"
        role="button"
      >
        Reset
      </button>
      <select
        class="css-tv5zn1"
        name="select"
        role="select"
      >
        <option
          role="option"
          value="1"
        >
          Падаван
        </option>
        <option
          role="option"
          value="2"
        >
          Джедай
        </option>
        <option
          role="option"
          value="3"
        >
          Мастер-джедай
        </option>
        <option
          role="option"
          value="4"
        >
          Член Совета Силы
        </option>
      </select>
    </div>
    <div
      class="css-xt4orx"
      role="gamePanel"
    >
      <section
        class="css-hsjawn"
        role="cellsGrid"
      >
        <div
          class="css-es8rv7"
          role="cellContainer-0"
        >
          <div
            class="css-w6oewy"
            role="cellContent-0"
          />
        </div>
        <div
          class="css-2r18jt"
          role="cellContainer-1"
        />
        <div
          class="css-1jbr29x"
          role="cellContainer-2"
        />
        <div
          class="css-es8rv7"
          role="cellContainer-3"
        />
        <div
          class="css-2r18jt"
          role="cellContainer-4"
        />
        <div
          class="css-1jbr29x"
          role="cellContainer-5"
        />
        <div
          class="css-es8rv7"
          role="cellContainer-6"
        />
        <div
          class="css-2r18jt"
          role="cellContainer-7"
        />
        <div
          class="css-1jbr29x"
          role="cellContainer-8"
        />
        <div
          style="clear: both;"
        />
      </section>
    </div>
    <div
      class="css-cogpxn"
      role="bottomPanel"
    >
      <p
        class="css-o9gtt2"
        role="messageResult"
      >
        Результат:
      </p>
      <p
        class="css-o9gtt2"
        role="messagePercentFilled"
      >
        Процент заполнения: 10
      </p>
    </div>
  </div>
</DocumentFragment>
`;
