// Jest Snapshot v1, https://goo.gl/fbAQLP

exports[`Loading Render <Loading> 1`] = `<DocumentFragment />`;
