// Jest Snapshot v1, https://goo.gl/fbAQLP

exports[`AppBody Render <AppBottom> without data 1`] = `
<DocumentFragment>
  <div
    class="css-1co368a"
  >
    <p
      role="userCount"
    >
      Количество пользователей: 50
    </p>
  </div>
</DocumentFragment>
`;
