// Jest Snapshot v1, https://goo.gl/fbAQLP

exports[`Button render <Button> 1`] = `
<DocumentFragment>
  <button
    class="css-tv5zn1"
    role="button"
  >
    Reset
  </button>
</DocumentFragment>
`;
